<html>
<body>
<pre>
<h1>µVision Build Log</h1>
<h2>Tool Versions:</h2>
IDE-Version: µVision V5.38.0.0
Copyright (C) 2022 ARM Ltd and ARM Germany GmbH. All rights reserved.
License Information: ziad ashraf, ain shams, LIC=----
 
Tool Versions:
Toolchain:       MDK-Lite  Version: 5.38.0.0
Toolchain Path:  E:\programs\arm keil\instalation\ARM\ARMCLANG\Bin
C Compiler:      ArmClang.exe V6.19
Assembler:       Armasm.exe V6.19
Linker/Locator:  ArmLink.exe V6.19
Library Manager: ArmAr.exe V6.19
Hex Converter:   FromElf.exe V6.19
CPU DLL:         SARMCM3.DLL V5.38.0.0
Dialog DLL:      DCM.DLL V1.17.5.0
Target DLL:      lmidk-agdi.dll V???
Dialog DLL:      TCM.DLL V1.56.4.0
 
<h2>Project:</h2>
D:\0.semester 8\9-RTOS\labs\New folder\RTOS-college-progress\RTOS-college-progress-6\project.uvprojx
Project File Date:  03/19/2023

<h2>Output:</h2>
*** Using Compiler 'V6.19', folder: 'E:\programs\arm keil\instalation\ARM\ARMCLANG\Bin'
Build target 'Target 1'
DIO.c(1): warning: In file included from...
./types.h(27): warning: no newline at end of file [-Wnewline-eof]
#endif
      ^
DIO.c(2): warning: In file included from...
./tm4c123gh6pm.h(12712): warning: no newline at end of file [-Wnewline-eof]
#endif // __TM4C123GH6PM_H__
                            ^
DIO.c(9): warning: implicit conversion turns floating-point number into integer: 'double' to 'int' [-Wfloat-conversion]
    int milli_seconds = 100 * number_of_seconds;
        ~~~~~~~~~~~~~   ~~~~^~~~~~~~~~~~~~~~~~~
DIO.c(15): warning: implicit conversion changes signedness: 'int' to 'unsigned int' [-Wsign-conversion]
    while (clock() < start_time + milli_seconds)
                                ~ ^~~~~~~~~~~~~
DIO.c(6): warning: no previous prototype for function 'delay' [-Wmissing-prototypes]
void delay(double number_of_seconds)
     ^
DIO.c(6): note: declare 'static' if the function is not intended to be used outside of this translation unit
void delay(double number_of_seconds)
^
static 
DIO.c(19): warning: no previous prototype for function 'DIO_init' [-Wmissing-prototypes]
void DIO_init(void)
     ^
DIO.c(19): note: declare 'static' if the function is not intended to be used outside of this translation unit
void DIO_init(void)
^
static 
DIO.c(39): warning: no previous prototype for function 'DIO_WritePort' [-Wmissing-prototypes]
void DIO_WritePort(ulong32_ptr port,ulong32 value)
     ^
DIO.c(39): note: declare 'static' if the function is not intended to be used outside of this translation unit
void DIO_WritePort(ulong32_ptr port,ulong32 value)
^
static 
DIO.c(53): warning: converting the result of '<<' to a boolean; did you mean '(1 << pin) != 0'? [-Wint-in-bool-context]
    clearBit(*port, pin);
    ^
./bitwise_operation.h(5): note: expanded from macro 'clearBit'
#define clearBit(Register , Bit)(Register &= !(1<< Bit))
                                                ^
DIO.c(44): warning: no previous prototype for function 'DIO_WritePin' [-Wmissing-prototypes]
void DIO_WritePin(ulong32_ptr port,uint16 pin,uint16 value)
     ^
DIO.c(44): note: declare 'static' if the function is not intended to be used outside of this translation unit
void DIO_WritePin(ulong32_ptr port,uint16 pin,uint16 value)
^
static 
DIO.c(57): warning: no previous prototype for function 'DIO_TogglePin' [-Wmissing-prototypes]
void DIO_TogglePin(ulong32_ptr port,uint16 pin)
     ^
DIO.c(57): note: declare 'static' if the function is not intended to be used outside of this translation unit
void DIO_TogglePin(ulong32_ptr port,uint16 pin)
^
static 
DIO.c(64): warning: implicit conversion loses integer precision: 'unsigned long' to 'uint8' (aka 'unsigned char') [-Wimplicit-int-conversion]
  return getBit(*port,pin);
  ~~~~~~ ^~~~~~~~~~~~~~~~~
./bitwise_operation.h(6): note: expanded from macro 'getBit'
#define getBit(Register , Bit)(((Register & (1<<Bit))>>Bit)) 
                                ~~~~~~~~~~~~~~~~~~~~~^~~~~
DIO.c(62): warning: no previous prototype for function 'DIO_ReadPin' [-Wmissing-prototypes]
uint8 DIO_ReadPin(ulong32_ptr port,uint16 pin)
      ^
DIO.c(62): note: declare 'static' if the function is not intended to be used outside of this translation unit
uint8 DIO_ReadPin(ulong32_ptr port,uint16 pin)
^
static 
DIO.c(67): warning: no previous prototype for function 'DIO_ReadPort' [-Wmissing-prototypes]
uint32 DIO_ReadPort(ulong32_ptr port)
       ^
DIO.c(67): note: declare 'static' if the function is not intended to be used outside of this translation unit
uint32 DIO_ReadPort(ulong32_ptr port)
^
static 
13 warnings generated.
compiling DIO.c...
linking...
Program Size: Code=12920 RO-data=688 RW-data=12 ZI-data=9192  
".\Objects\project.axf" - 0 Error(s), 13 Warning(s).

<h2>Software Packages used:</h2>

Package Vendor: ARM
                http://www.keil.com/pack/ARM.CMSIS.5.9.0.pack
                ARM.CMSIS.5.9.0
                CMSIS (Common Microcontroller Software Interface Standard)
   * Component: CORE Version: 5.6.0

Package Vendor: ARM
                https://www.keil.com/pack/ARM.CMSIS-FreeRTOS.10.5.1.pack
                ARM.CMSIS-FreeRTOS.10.5.1
                Bundle of FreeRTOS for Cortex-M and Cortex-A
   * Component: Config Variant: FreeRTOS Version: 10.5.1
   * Component: Core Variant: Cortex-M Version: 10.5.1
   * Component: Heap Variant: Heap_2 Version: 10.5.1

Package Vendor: Keil
                http://www.keil.com/pack/Keil.TM4C_DFP.1.1.0.pack
                Keil.TM4C_DFP.1.1.0
                Texas Instruments Tiva C Series Device Support and Examples
   * Component: Startup Version: 1.0.1

<h2>Collection of Component include folders:</h2>
  ./RTE/RTOS
  ./RTE/_Target_1
  E:/programs/arm keil/instalation/pack/ARM/CMSIS-FreeRTOS/10.5.1/CMSIS/RTOS2/FreeRTOS/Include
  E:/programs/arm keil/instalation/pack/ARM/CMSIS-FreeRTOS/10.5.1/Source/include
  E:/programs/arm keil/instalation/pack/ARM/CMSIS-FreeRTOS/10.5.1/Source/portable/GCC/ARM_CM4F
  E:/programs/arm keil/instalation/pack/ARM/CMSIS/5.9.0/CMSIS/Core/Include
  E:/programs/arm keil/instalation/pack/Keil/TM4C_DFP/1.1.0/Device/Include/TM4C123

<h2>Collection of Component Files used:</h2>

   * Component: ARM.FreeRTOS::RTOS:Config:FreeRTOS:10.5.1
      Include file:  Config/ARMCM/FreeRTOSConfig.h

   * Component: ARM.FreeRTOS::RTOS:Core:Cortex-M:10.5.1
      Source file:   Source/portable/GCC/ARM_CM4F/port.c
      Include file:  Source/include/FreeRTOS.h
      Source file:   Source/queue.c
      Include file:  Source/include/queue.h
      Source file:   Source/list.c
      Include file:  Source/include/semphr.h
      Include file:  Source/include/task.h
      Source file:   Source/tasks.c
      Source file:   CMSIS/RTOS2/FreeRTOS/Source/freertos_evr.c

   * Component: ARM.FreeRTOS::RTOS:Heap:Heap_2:10.5.1
      Source file:   Source/portable/MemMang/heap_2.c

   * Component: ARM::CMSIS:CORE:5.6.0

   * Component: Keil::Device:Startup:1.0.1
      Source file:   Device/Source/ARM/startup_TM4C123.s
      Source file:   Device/Source/system_TM4C123.c
      Include file:  Device/Include/TM4C123/TM4C123.h
Build Time Elapsed:  00:00:03
</pre>
</body>
</html>
