###############################################################################
#
# IAR ELF Linker V9.30.1.335/W64 for ARM                  15/Mar/2023  09:47:23
# Copyright 2007-2022 IAR Systems AB.
#
#    Output file  =
#        D:\0.semester 8\5-RTOS\labs\New folder\RTOS-college-progress\Lab 3
#        simple schedular\Debug\Exe\project.out
#    Map file     =
#        D:\0.semester 8\5-RTOS\labs\New folder\RTOS-college-progress\Lab 3
#        simple schedular\Debug\List\project.map
#    Command line =
#        -f "D:\0.semester 8\5-RTOS\labs\New folder\RTOS-college-progress\Lab 3
#        simple schedular\Debug\Exe\project.out.rsp" ("D:\0.semester
#        8\5-RTOS\labs\New folder\RTOS-college-progress\Lab 3 simple
#        schedular\Debug\Obj\DIO.o" "D:\0.semester 8\5-RTOS\labs\New
#        folder\RTOS-college-progress\Lab 3 simple
#        schedular\Debug\Obj\functions.o" "D:\0.semester 8\5-RTOS\labs\New
#        folder\RTOS-college-progress\Lab 3 simple schedular\Debug\Obj\main.o"
#        "D:\0.semester 8\5-RTOS\labs\New folder\RTOS-college-progress\Lab 3
#        simple schedular\Debug\Obj\schedular.o" "D:\0.semester
#        8\5-RTOS\labs\New folder\RTOS-college-progress\Lab 3 simple
#        schedular\Debug\Obj\startup_ewarm.o" "D:\0.semester 8\5-RTOS\labs\New
#        folder\RTOS-college-progress\Lab 3 simple
#        schedular\Debug\Obj\Systic_timer.o" "D:\0.semester 8\5-RTOS\labs\New
#        folder\RTOS-college-progress\Lab 3 simple
#        schedular\Debug\Obj\Timer0.o" --no_out_extension -o "D:\0.semester
#        8\5-RTOS\labs\New folder\RTOS-college-progress\Lab 3 simple
#        schedular\Debug\Exe\project.out" --redirect _Printf=_PrintfFullNoMb
#        --redirect _Scanf=_ScanfFullNoMb --map "D:\0.semester
#        8\5-RTOS\labs\New folder\RTOS-college-progress\Lab 3 simple
#        schedular\Debug\List\project.map" --config
#        E:\programs\iar\arm/config/linker/TexasInstruments/LM4F120H5QR.icf
#        --semihosting
#        C:\ti\TivaWare_C_Series-2.2.0.295\driverlib\ewarm\Exe\driverlib.a
#        --entry __iar_program_start --vfe --text_out locale --cpu=Cortex-M4
#        --fpu=VFPv4_sp)
#
###############################################################################

*******************************************************************************
*** MESSAGES
***

Warning[Lt009]: Inconsistent wchar_t size
            timer.o(driverlib.a) and 4 other objects in driverlib.a have
                      wchar_t size 16 bits
            DIO.o and 20 other objects, some of them in shb_l.a and 13 other
                      libraries have wchar_t size 32 bits


*******************************************************************************
*** RUNTIME MODEL ATTRIBUTES
***

CppFlavor       = *
__CPP_Runtime   = 1
__SystemLibrary = DLib
__dlib_version  = 6


*******************************************************************************
*** HEAP SELECTION
***

The basic heap was selected because --advanced_heap
was not specified and the application did not appear to
be primarily optimized for speed.


*******************************************************************************
*** PLACEMENT SUMMARY
***

"A0":  place at address 0x0 { ro section .intvec };
"P1":  place in [from 0x0 to 0x3'ffff] { ro };
define block CSTACK with size = 2K, alignment = 8 { };
define block HEAP with size = 8K, alignment = 8 { };
"P2":  place in [from 0x2000'0000 to 0x2000'7fff] {
          rw, block CSTACK, block HEAP };
do not initialize { rw section .noinit };

  Section          Kind         Address   Size  Object
  -------          ----         -------   ----  ------
"A0":                                    0x26c
  .intvec          const            0x0  0x26c  startup_ewarm.o [1]
                                - 0x26c  0x26c

"P1":                                    0x760
  .text            ro code        0x26c  0x2c0  sysctl.o [3]
  .text            ro code        0x52c   0xea  DIO.o [1]
  .text            ro code        0x618   0xcc  functions.o [1]
  .text            ro code        0x6e4   0x9a  timer.o [3]
  .text            ro code        0x780   0x88  schedular.o [1]
  .text            ro code        0x808   0x48  main.o [1]
  .text            ro code        0x850   0x20  Systic_timer.o [1]
  .text            ro code        0x870   0x34  Timer0.o [1]
  .text            ro code        0x8a4   0x10  systick.o [3]
  .text            ro code        0x8b4   0x38  zero_init3.o [5]
  .text            ro code        0x8ec   0x28  data_init.o [5]
  .text            ro code        0x914   0x22  fpinit_M.o [4]
  .iar.init_table  const          0x938   0x10  - Linker created -
  .text            ro code        0x948   0x20  startup_ewarm.o [1]
  .text            ro code        0x968   0x1c  cstartup_M.o [5]
  .text            ro code        0x984   0x1e  cmain.o [5]
  .text            ro code        0x9a2    0x4  low_level_init.o [2]
  .text            ro code        0x9a6    0x4  exit.o [2]
  .text            ro code        0x9ac    0xa  cexit.o [5]
  .text            ro code        0x9b8   0x14  exit.o [6]
  .rodata          const          0x9cc    0x0  zero_init3.o [5]
                                - 0x9cc  0x760

"P2", part 1 of 2:                        0x20
  .bss             zero     0x2000'0000   0x18  schedular.o [1]
  .bss             zero     0x2000'0018    0x4  main.o [1]
  .bss             zero     0x2000'001c    0x4  schedular.o [1]
                          - 0x2000'0020   0x20

"P2", part 2 of 2:                       0x200
  .noinit          uninit   0x2000'0020  0x200  startup_ewarm.o [1]
                          - 0x2000'0220  0x200

Unused ranges:

         From           To      Size
         ----           --      ----
        0x9cc     0x3'ffff  0x3'f634
  0x2000'0220  0x2000'7fff    0x7de0


*******************************************************************************
*** INIT TABLE
***

          Address      Size
          -------      ----
Zero (__iar_zero_init3)
    1 destination range, total size 0x20:
          0x2000'0000  0x20



*******************************************************************************
*** MODULE SUMMARY
***

    Module            ro code  ro data  rw data
    ------            -------  -------  -------
command line/config:
    -------------------------------------------
    Total:

D:\0.semester 8\5-RTOS\labs\New folder\RTOS-college-progress\Lab 3 simple schedular\Debug\Obj: [1]
    DIO.o                 234
    Systic_timer.o         32
    Timer0.o               52
    functions.o           204
    main.o                 72                 4
    schedular.o           136                28
    startup_ewarm.o        32      620      512
    -------------------------------------------
    Total:                762      620      544

dl7M_tln.a: [2]
    exit.o                  4
    low_level_init.o        4
    -------------------------------------------
    Total:                  8

driverlib.a: [3]
    sysctl.o              704
    systick.o              16
    timer.o               154
    -------------------------------------------
    Total:                874

m7M_tls.a: [4]
    fpinit_M.o             34
    -------------------------------------------
    Total:                 34

rt7M_tl.a: [5]
    cexit.o                10
    cmain.o                30
    cstartup_M.o           28
    data_init.o            40
    zero_init3.o           56
    -------------------------------------------
    Total:                164

shb_l.a: [6]
    exit.o                 20
    -------------------------------------------
    Total:                 20

    Gaps                    8        2
    Linker created                  16
-----------------------------------------------
    Grand Total:        1'870      638      544


*******************************************************************************
*** ENTRY LIST
***

Entry                       Address   Size  Type      Object
-----                       -------   ----  ----      ------
.iar.init_table$$Base         0x938          --   Gb  - Linker created -
.iar.init_table$$Limit        0x948          --   Gb  - Linker created -
?main                         0x985         Code  Gb  cmain.o [5]
ArrayOfStruct           0x2000'0000   0x18  Data  Gb  schedular.o [1]
DIO_WritePin                  0x5e1   0x36  Code  Gb  DIO.o [1]
DIO_init                      0x52d   0x7c  Code  Gb  DIO.o [1]
FaultISR                      0x963    0x2  Code  Lc  startup_ewarm.o [1]
IntDefaultHandler             0x965    0x2  Code  Lc  startup_ewarm.o [1]
NmiSR                         0x961    0x2  Code  Lc  startup_ewarm.o [1]
Region$$Table$$Base           0x938          --   Gb  - Linker created -
Region$$Table$$Limit          0x948          --   Gb  - Linker created -
ResetISR                      0x949   0x12  Code  Gb  startup_ewarm.o [1]
SysCtlClockGet                0x369  0x110  Code  Gb  sysctl.o [3]
SysCtlClockSet                0x291   0xd8  Code  Gb  sysctl.o [3]
SysCtlDelay                   0x289    0x8  Code  Gb  sysctl.o [3]
SysCtlPeripheralEnable        0x26d    0x8  Code  Gb  sysctl.o [3]
SysTickDisable                0x8a5    0xc  Code  Gb  systick.o [3]
SysTick_handler               0x809    0xa  Code  Gb  main.o [1]
Systick_Init_int              0x851   0x20  Code  Gb  Systic_timer.o [1]
Timer0IntHandler              0x967    0x2  Code  Lc  startup_ewarm.o [1]
TimerConfigure                0x6fd   0x52  Code  Gb  timer.o [3]
TimerDisable                  0x6f1    0xc  Code  Gb  timer.o [3]
TimerEnable                   0x6e5    0xc  Code  Gb  timer.o [3]
TimerInit                     0x871   0x34  Code  Gb  Timer0.o [1]
TimerLoadSet                  0x761   0x10  Code  Gb  timer.o [3]
__cmain                       0x985         Code  Gb  cmain.o [5]
__exit                        0x9b9   0x14  Code  Gb  exit.o [6]
__iar_data_init3              0x8ed   0x28  Code  Gb  data_init.o [5]
__iar_init_vfp                0x915         Code  Gb  fpinit_M.o [4]
__iar_program_start           0x969         Code  Gb  cstartup_M.o [5]
__iar_zero_init3              0x8b5   0x38  Code  Gb  zero_init3.o [5]
__low_level_init              0x9a3    0x4  Code  Gb  low_level_init.o [2]
__vector_table                  0x0  0x26c  Data  Gb  startup_ewarm.o [1]
_call_main                    0x991         Code  Gb  cmain.o [5]
_exit                         0x9ad         Code  Gb  cexit.o [5]
createfun                     0x781   0x1e  Code  Gb  schedular.o [1]
ctr                     0x2000'0018    0x4  Data  Gb  main.o [1]
exit                          0x9a7    0x4  Code  Gb  exit.o [2]
fun1                          0x619   0x3e  Code  Gb  functions.o [1]
fun2                          0x657   0x3e  Code  Gb  functions.o [1]
fun3                          0x695   0x3e  Code  Gb  functions.o [1]
funcNu                  0x2000'001c    0x4  Data  Lc  schedular.o [1]
g_pui32Xtals                  0x4c0   0x6c  Data  Lc  sysctl.o [3]
main                          0x813   0x2c  Code  Gb  main.o [1]
pui32Stack              0x2000'0020  0x200  Data  Lc  startup_ewarm.o [1]
schedular                     0x79f   0x5c  Code  Gb  schedular.o [1]


[1] = D:\0.semester 8\5-RTOS\labs\New folder\RTOS-college-progress\Lab 3 simple schedular\Debug\Obj
[2] = dl7M_tln.a
[3] = driverlib.a
[4] = m7M_tls.a
[5] = rt7M_tl.a
[6] = shb_l.a

  1'870 bytes of readonly  code memory
    638 bytes of readonly  data memory
    544 bytes of readwrite data memory

Errors: none
Warnings: 1
