###############################################################################
#
# IAR ELF Linker V9.30.1.335/W64 for ARM                  14/Mar/2023  14:17:27
# Copyright 2007-2022 IAR Systems AB.
#
#    Output file  =
#        D:\0.semester 8\5-RTOS\labs\New folder\RTOS-college-progress\Lab 3
#        simple schedular\Debug\Exe\project.out
#    Map file     =
#        D:\0.semester 8\5-RTOS\labs\New folder\RTOS-college-progress\Lab 3
#        simple schedular\Debug\List\project.map
#    Command line =
#        -f "D:\0.semester 8\5-RTOS\labs\New folder\RTOS-college-progress\Lab 3
#        simple schedular\Debug\Exe\project.out.rsp" ("D:\0.semester
#        8\5-RTOS\labs\New folder\RTOS-college-progress\Lab 3 simple
#        schedular\Debug\Obj\DIO.o" "D:\0.semester 8\5-RTOS\labs\New
#        folder\RTOS-college-progress\Lab 3 simple
#        schedular\Debug\Obj\functions.o" "D:\0.semester 8\5-RTOS\labs\New
#        folder\RTOS-college-progress\Lab 3 simple schedular\Debug\Obj\main.o"
#        "D:\0.semester 8\5-RTOS\labs\New folder\RTOS-college-progress\Lab 3
#        simple schedular\Debug\Obj\schedular.o" "D:\0.semester
#        8\5-RTOS\labs\New folder\RTOS-college-progress\Lab 3 simple
#        schedular\Debug\Obj\startup_ewarm.o" "D:\0.semester 8\5-RTOS\labs\New
#        folder\RTOS-college-progress\Lab 3 simple
#        schedular\Debug\Obj\Systic_timer.o" "D:\0.semester 8\5-RTOS\labs\New
#        folder\RTOS-college-progress\Lab 3 simple
#        schedular\Debug\Obj\Timer0.o" --no_out_extension -o "D:\0.semester
#        8\5-RTOS\labs\New folder\RTOS-college-progress\Lab 3 simple
#        schedular\Debug\Exe\project.out" --redirect _Printf=_PrintfFullNoMb
#        --redirect _Scanf=_ScanfFullNoMb --map "D:\0.semester
#        8\5-RTOS\labs\New folder\RTOS-college-progress\Lab 3 simple
#        schedular\Debug\List\project.map" --config
#        E:\programs\iar\arm/config/linker/TexasInstruments/LM4F120H5QR.icf
#        --semihosting
#        C:\ti\TivaWare_C_Series-2.2.0.295\driverlib\ewarm\Exe\driverlib.a
#        --entry __iar_program_start --vfe --text_out locale --cpu=Cortex-M4
#        --fpu=VFPv4_sp)
#
###############################################################################

*******************************************************************************
*** MESSAGES
***

Warning[Lt009]: Inconsistent wchar_t size
            systick.o(driverlib.a) and 4 other objects in driverlib.a have
                      wchar_t size 16 bits
            DIO.o and 20 other objects, some of them in shb_l.a and 13 other
                      libraries have wchar_t size 32 bits


*******************************************************************************
*** RUNTIME MODEL ATTRIBUTES
***

CppFlavor       = *
__CPP_Runtime   = 1
__SystemLibrary = DLib
__dlib_version  = 6


*******************************************************************************
*** HEAP SELECTION
***

The basic heap was selected because --advanced_heap
was not specified and the application did not appear to
be primarily optimized for speed.


*******************************************************************************
*** PLACEMENT SUMMARY
***

"A0":  place at address 0x0 { ro section .intvec };
"P1":  place in [from 0x0 to 0x3'ffff] { ro };
define block CSTACK with size = 2K, alignment = 8 { };
define block HEAP with size = 8K, alignment = 8 { };
"P2":  place in [from 0x2000'0000 to 0x2000'7fff] {
          rw, block CSTACK, block HEAP };
do not initialize { rw section .noinit };

  Section          Kind         Address   Size  Object
  -------          ----         -------   ----  ------
"A0":                                    0x26c
  .intvec          const            0x0  0x26c  startup_ewarm.o [1]
                                - 0x26c  0x26c

"P1":                                    0x340
  .text            ro code        0x26c   0xea  DIO.o [1]
  .text            ro code        0x358   0x88  schedular.o [1]
  .text            ro code        0x3e0   0x44  main.o [1]
  .text            ro code        0x424   0x24  Systic_timer.o [1]
  .text            ro code        0x448   0x1c  systick.o [3]
  .text            ro code        0x464   0x38  zero_init3.o [5]
  .text            ro code        0x49c   0x30  functions.o [1]
  .text            ro code        0x4cc   0x28  data_init.o [5]
  .text            ro code        0x4f4   0x22  fpinit_M.o [4]
  .iar.init_table  const          0x518   0x10  - Linker created -
  .text            ro code        0x528   0x20  startup_ewarm.o [1]
  .text            ro code        0x548   0x1c  cstartup_M.o [5]
  .text            ro code        0x564   0x1e  cmain.o [5]
  .text            ro code        0x582    0x4  low_level_init.o [2]
  .text            ro code        0x586    0x4  exit.o [2]
  .text            ro code        0x58c    0xa  cexit.o [5]
  .text            ro code        0x598   0x14  exit.o [6]
  .rodata          const          0x5ac    0x0  zero_init3.o [5]
                                - 0x5ac  0x340

"P2", part 1 of 2:                        0x20
  .bss             zero     0x2000'0000   0x18  schedular.o [1]
  .bss             zero     0x2000'0018    0x4  main.o [1]
  .bss             zero     0x2000'001c    0x4  schedular.o [1]
                          - 0x2000'0020   0x20

"P2", part 2 of 2:                       0x200
  .noinit          uninit   0x2000'0020  0x200  startup_ewarm.o [1]
                          - 0x2000'0220  0x200

Unused ranges:

         From           To      Size
         ----           --      ----
        0x5ac     0x3'ffff  0x3'fa54
  0x2000'0220  0x2000'7fff    0x7de0


*******************************************************************************
*** INIT TABLE
***

          Address      Size
          -------      ----
Zero (__iar_zero_init3)
    1 destination range, total size 0x20:
          0x2000'0000  0x20



*******************************************************************************
*** MODULE SUMMARY
***

    Module            ro code  ro data  rw data
    ------            -------  -------  -------
command line/config:
    -------------------------------------------
    Total:

D:\0.semester 8\5-RTOS\labs\New folder\RTOS-college-progress\Lab 3 simple schedular\Debug\Obj: [1]
    DIO.o                 234
    Systic_timer.o         36
    functions.o            48
    main.o                 68                 4
    schedular.o           136                28
    startup_ewarm.o        32      620      512
    -------------------------------------------
    Total:                554      620      544

dl7M_tln.a: [2]
    exit.o                  4
    low_level_init.o        4
    -------------------------------------------
    Total:                  8

driverlib.a: [3]
    systick.o              28
    -------------------------------------------
    Total:                 28

m7M_tls.a: [4]
    fpinit_M.o             34
    -------------------------------------------
    Total:                 34

rt7M_tl.a: [5]
    cexit.o                10
    cmain.o                30
    cstartup_M.o           28
    data_init.o            40
    zero_init3.o           56
    -------------------------------------------
    Total:                164

shb_l.a: [6]
    exit.o                 20
    -------------------------------------------
    Total:                 20

    Gaps                    6        2
    Linker created                  16
-----------------------------------------------
    Grand Total:          814      638      544


*******************************************************************************
*** ENTRY LIST
***

Entry                       Address   Size  Type      Object
-----                       -------   ----  ----      ------
.iar.init_table$$Base         0x518          --   Gb  - Linker created -
.iar.init_table$$Limit        0x528          --   Gb  - Linker created -
?main                         0x565         Code  Gb  cmain.o [5]
ArrayOfStruct           0x2000'0000   0x18  Data  Gb  schedular.o [1]
DIO_WritePin                  0x321   0x36  Code  Gb  DIO.o [1]
DIO_init                      0x26d   0x7c  Code  Gb  DIO.o [1]
FaultISR                      0x543    0x2  Code  Lc  startup_ewarm.o [1]
IntDefaultHandler             0x545    0x2  Code  Lc  startup_ewarm.o [1]
NmiSR                         0x541    0x2  Code  Lc  startup_ewarm.o [1]
Region$$Table$$Base           0x518          --   Gb  - Linker created -
Region$$Table$$Limit          0x528          --   Gb  - Linker created -
ResetISR                      0x529   0x12  Code  Gb  startup_ewarm.o [1]
SysTickDisable                0x455    0xc  Code  Gb  systick.o [3]
SysTickEnable                 0x449    0xc  Code  Gb  systick.o [3]
SysTick_handler               0x3e1    0xa  Code  Gb  main.o [1]
Systick_Init_int              0x425   0x24  Code  Gb  Systic_timer.o [1]
Timer0IntHandler              0x547    0x2  Code  Lc  startup_ewarm.o [1]
__cmain                       0x565         Code  Gb  cmain.o [5]
__exit                        0x599   0x14  Code  Gb  exit.o [6]
__iar_data_init3              0x4cd   0x28  Code  Gb  data_init.o [5]
__iar_init_vfp                0x4f5         Code  Gb  fpinit_M.o [4]
__iar_program_start           0x549         Code  Gb  cstartup_M.o [5]
__iar_zero_init3              0x465   0x38  Code  Gb  zero_init3.o [5]
__low_level_init              0x583    0x4  Code  Gb  low_level_init.o [2]
__vector_table                  0x0  0x26c  Data  Gb  startup_ewarm.o [1]
_call_main                    0x571         Code  Gb  cmain.o [5]
_exit                         0x58d         Code  Gb  cexit.o [5]
createfun                     0x359   0x1e  Code  Gb  schedular.o [1]
ctr                     0x2000'0018    0x4  Data  Gb  main.o [1]
exit                          0x587    0x4  Code  Gb  exit.o [2]
fun1                          0x49d    0xe  Code  Gb  functions.o [1]
fun2                          0x4ab    0xe  Code  Gb  functions.o [1]
fun3                          0x4b9    0xe  Code  Gb  functions.o [1]
funcNu                  0x2000'001c    0x4  Data  Lc  schedular.o [1]
main                          0x3eb   0x28  Code  Gb  main.o [1]
pui32Stack              0x2000'0020  0x200  Data  Lc  startup_ewarm.o [1]
schedular                     0x377   0x5c  Code  Gb  schedular.o [1]


[1] = D:\0.semester 8\5-RTOS\labs\New folder\RTOS-college-progress\Lab 3 simple schedular\Debug\Obj
[2] = dl7M_tln.a
[3] = driverlib.a
[4] = m7M_tls.a
[5] = rt7M_tl.a
[6] = shb_l.a

  814 bytes of readonly  code memory
  638 bytes of readonly  data memory
  544 bytes of readwrite data memory

Errors: none
Warnings: 1
