###############################################################################
#
# IAR ELF Linker V9.30.1.335/W64 for ARM                  19/Mar/2023  10:08:17
# Copyright 2007-2022 IAR Systems AB.
#
#    Output file  =
#        D:\0.semester 8\5-RTOS\labs\New
#        folder\RTOS-college-progress\RTOS-college-progress-2\Debug\Exe\project.out
#    Map file     =
#        D:\0.semester 8\5-RTOS\labs\New
#        folder\RTOS-college-progress\RTOS-college-progress-2\Debug\List\project.map
#    Command line =
#        -f "D:\0.semester 8\5-RTOS\labs\New
#        folder\RTOS-college-progress\RTOS-college-progress-2\Debug\Exe\project.out.rsp"
#        ("D:\0.semester 8\5-RTOS\labs\New
#        folder\RTOS-college-progress\RTOS-college-progress-2\Debug\Obj\DIO.o"
#        "D:\0.semester 8\5-RTOS\labs\New
#        folder\RTOS-college-progress\RTOS-college-progress-2\Debug\Obj\main.o"
#        "D:\0.semester 8\5-RTOS\labs\New
#        folder\RTOS-college-progress\RTOS-college-progress-2\Debug\Obj\startup_ewarm.o"
#        "D:\0.semester 8\5-RTOS\labs\New
#        folder\RTOS-college-progress\RTOS-college-progress-2\Debug\Obj\Systic_timer.o"
#        "D:\0.semester 8\5-RTOS\labs\New
#        folder\RTOS-college-progress\RTOS-college-progress-2\Debug\Obj\Timer0.o"
#        --no_out_extension -o "D:\0.semester 8\5-RTOS\labs\New
#        folder\RTOS-college-progress\RTOS-college-progress-2\Debug\Exe\project.out"
#        --redirect _Printf=_PrintfFullNoMb --redirect _Scanf=_ScanfFullNoMb
#        --map "D:\0.semester 8\5-RTOS\labs\New
#        folder\RTOS-college-progress\RTOS-college-progress-2\Debug\List\project.map"
#        --config
#        E:\programs\iar\arm/config/linker/TexasInstruments/LM4F120H5QR.icf
#        --semihosting
#        C:\ti\TivaWare_C_Series-2.2.0.295\driverlib\ewarm\Exe\driverlib.a
#        --entry __iar_program_start --vfe --text_out locale --cpu=Cortex-M4
#        --fpu=VFPv4_sp)
#
###############################################################################

*******************************************************************************
*** MESSAGES
***

Warning[Lt009]: Inconsistent wchar_t size
            timer.o(driverlib.a) and 3 other objects in driverlib.a have
                      wchar_t size 16 bits
            DIO.o and 18 other objects, some of them in shb_l.a and 13 other
                      libraries have wchar_t size 32 bits


*******************************************************************************
*** RUNTIME MODEL ATTRIBUTES
***

CppFlavor       = *
__CPP_Runtime   = 1
__SystemLibrary = DLib
__dlib_version  = 6


*******************************************************************************
*** HEAP SELECTION
***

The basic heap was selected because --advanced_heap
was not specified and the application did not appear to
be primarily optimized for speed.


*******************************************************************************
*** PLACEMENT SUMMARY
***

"A0":  place at address 0x0 { ro section .intvec };
"P1":  place in [from 0x0 to 0x3'ffff] { ro };
define block CSTACK with size = 2K, alignment = 8 { };
define block HEAP with size = 8K, alignment = 8 { };
"P2":  place in [from 0x2000'0000 to 0x2000'7fff] {
          rw, block CSTACK, block HEAP };
do not initialize { rw section .noinit };
initialize by copy { rw };

  Section            Kind         Address   Size  Object
  -------            ----         -------   ----  ------
"A0":                                      0x26c
  .intvec            const            0x0  0x26c  startup_ewarm.o [1]
                                  - 0x26c  0x26c

"P1":                                      0x820
  .text              ro code        0x26c  0x2c0  sysctl.o [3]
  .text              ro code        0x52c  0x23c  main.o [1]
  .text              ro code        0x768   0x86  timer.o [3]
  .text              ro code        0x7ee   0x2a  copy_init3.o [5]
  .text              ro code        0x818   0xea  DIO.o [1]
  .text              ro code        0x904   0x38  Timer0.o [1]
  .text              ro code        0x93c   0x1c  Systic_timer.o [1]
  .text              ro code        0x958   0x38  zero_init3.o [5]
  .text              ro code        0x990   0x28  data_init.o [5]
  .text              ro code        0x9b8   0x22  fpinit_M.o [4]
  .iar.init_table    const          0x9dc   0x24  - Linker created -
  .text              ro code        0xa00   0x20  startup_ewarm.o [1]
  .text              ro code        0xa20   0x1c  cstartup_M.o [5]
  .text              ro code        0xa3c   0x1e  cmain.o [5]
  .text              ro code        0xa5a    0x4  low_level_init.o [2]
  .text              ro code        0xa5e    0x4  exit.o [2]
  .text              ro code        0xa64    0xa  cexit.o [5]
  .text              ro code        0xa70   0x14  exit.o [6]
  Initializer bytes  const          0xa84    0x8  <for P2-1>
  .rodata            const          0xa8c    0x0  zero_init3.o [5]
  .rodata            const          0xa8c    0x0  copy_init3.o [5]
                                  - 0xa8c  0x820

"P2", part 1 of 3:                           0x8
  P2-1                        0x2000'0000    0x8  <Init block>
    .data            inited   0x2000'0000    0x4  main.o [1]
    .data            inited   0x2000'0004    0x4  main.o [1]
                            - 0x2000'0008    0x8

"P2", part 2 of 3:                         0x140
  .bss               zero     0x2000'0008   0xa0  main.o [1]
  .bss               zero     0x2000'00a8   0xa0  main.o [1]
                            - 0x2000'0148  0x140

"P2", part 3 of 3:                         0x200
  .noinit            uninit   0x2000'0148  0x200  startup_ewarm.o [1]
                            - 0x2000'0348  0x200

Unused ranges:

         From           To      Size
         ----           --      ----
        0xa8c     0x3'ffff  0x3'f574
  0x2000'0348  0x2000'7fff    0x7cb8


*******************************************************************************
*** INIT TABLE
***

          Address      Size
          -------      ----
Zero (__iar_zero_init3)
    1 destination range, total size 0x140:
          0x2000'0008  0x140

Copy (__iar_copy_init3)
    1 source range, total size 0x8:
                0xa84    0x8
    1 destination range, total size 0x8:
          0x2000'0000    0x8



*******************************************************************************
*** MODULE SUMMARY
***

    Module            ro code  ro data  rw data
    ------            -------  -------  -------
command line/config:
    -------------------------------------------
    Total:

D:\0.semester 8\5-RTOS\labs\New folder\RTOS-college-progress\RTOS-college-progress-2\Debug\Obj: [1]
    DIO.o                 234
    Systic_timer.o         28
    Timer0.o               56
    main.o                572        8      328
    startup_ewarm.o        32      620      512
    -------------------------------------------
    Total:                922      628      840

dl7M_tln.a: [2]
    exit.o                  4
    low_level_init.o        4
    -------------------------------------------
    Total:                  8

driverlib.a: [3]
    sysctl.o              704
    timer.o               134
    -------------------------------------------
    Total:                838

m7M_tls.a: [4]
    fpinit_M.o             34
    -------------------------------------------
    Total:                 34

rt7M_tl.a: [5]
    cexit.o                10
    cmain.o                30
    copy_init3.o           42
    cstartup_M.o           28
    data_init.o            40
    zero_init3.o           56
    -------------------------------------------
    Total:                206

shb_l.a: [6]
    exit.o                 20
    -------------------------------------------
    Total:                 20

    Gaps                    6        2
    Linker created                  36
-----------------------------------------------
    Grand Total:        2'034      666      840


*******************************************************************************
*** ENTRY LIST
***

Entry                       Address   Size  Type      Object
-----                       -------   ----  ----      ------
.iar.init_table$$Base         0x9dc          --   Gb  - Linker created -
.iar.init_table$$Limit        0xa00          --   Gb  - Linker created -
?main                         0xa3d         Code  Gb  cmain.o [5]
DIO_WritePin                  0x8cd   0x36  Code  Gb  DIO.o [1]
DIO_init                      0x819   0x7c  Code  Gb  DIO.o [1]
FaultISR                      0xa1b    0x2  Code  Lc  startup_ewarm.o [1]
IntDefaultHandler             0xa1d    0x2  Code  Lc  startup_ewarm.o [1]
NmiSR                         0xa19    0x2  Code  Lc  startup_ewarm.o [1]
Region$$Table$$Base           0x9dc          --   Gb  - Linker created -
Region$$Table$$Limit          0xa00          --   Gb  - Linker created -
ResetISR                      0xa01   0x12  Code  Gb  startup_ewarm.o [1]
SysCtlClockGet                0x369  0x110  Code  Gb  sysctl.o [3]
SysCtlClockSet                0x291   0xd8  Code  Gb  sysctl.o [3]
SysCtlDelay                   0x289    0x8  Code  Gb  sysctl.o [3]
SysCtlPeripheralEnable        0x26d    0x8  Code  Gb  sysctl.o [3]
SysTick_handler               0x5b1    0x4  Code  Gb  main.o [1]
Systick_Init_int              0x93d   0x1c  Code  Gb  Systic_timer.o [1]
Timer0IntHandler              0xa1f    0x2  Code  Lc  startup_ewarm.o [1]
TimerConfigure                0x775   0x52  Code  Gb  timer.o [3]
TimerEnable                   0x769    0xc  Code  Gb  timer.o [3]
TimerInit                     0x905   0x38  Code  Gb  Timer0.o [1]
TimerLoadSet                  0x7d9   0x10  Code  Gb  timer.o [3]
__cmain                       0xa3d         Code  Gb  cmain.o [5]
__exit                        0xa71   0x14  Code  Gb  exit.o [6]
__iar_copy_init3              0x7ef   0x2a  Code  Gb  copy_init3.o [5]
__iar_data_init3              0x991   0x28  Code  Gb  data_init.o [5]
__iar_init_vfp                0x9b9         Code  Gb  fpinit_M.o [4]
__iar_program_start           0xa21         Code  Gb  cstartup_M.o [5]
__iar_zero_init3              0x959   0x38  Code  Gb  zero_init3.o [5]
__low_level_init              0xa5b    0x4  Code  Gb  low_level_init.o [2]
__vector_table                  0x0  0x26c  Data  Gb  startup_ewarm.o [1]
_call_main                    0xa49         Code  Gb  cmain.o [5]
_exit                         0xa65         Code  Gb  cexit.o [5]
exit                          0xa5f    0x4  Code  Gb  exit.o [2]
fun1                          0x52d   0x42  Code  Gb  main.o [1]
fun2                          0x56f   0x42  Code  Gb  main.o [1]
g_pui32Xtals                  0x4c0   0x6c  Data  Lc  sysctl.o [3]
main                          0x5b5  0x194  Code  Gb  main.o [1]
pui32Stack              0x2000'0148  0x200  Data  Lc  startup_ewarm.o [1]
sp_BlueBlinky           0x2000'0004    0x4  Data  Gb  main.o [1]
sp_RedBlinky            0x2000'0000    0x4  Data  Gb  main.o [1]
stack_BlueBlinky        0x2000'00a8   0xa0  Data  Gb  main.o [1]
stack_RedBlinky         0x2000'0008   0xa0  Data  Gb  main.o [1]


[1] = D:\0.semester 8\5-RTOS\labs\New folder\RTOS-college-progress\RTOS-college-progress-2\Debug\Obj
[2] = dl7M_tln.a
[3] = driverlib.a
[4] = m7M_tls.a
[5] = rt7M_tl.a
[6] = shb_l.a

  2'034 bytes of readonly  code memory
    666 bytes of readonly  data memory
    840 bytes of readwrite data memory

Errors: none
Warnings: 1
