###############################################################################
#
# IAR ELF Linker V9.30.1.335/W64 for ARM                  03/Mar/2023  17:05:28
# Copyright 2007-2022 IAR Systems AB.
#
#    Output file  =
#        D:\0.gam3a\0.semester 8\5-RTOS\labs\New
#        folder\RTOS-college-progress\Debug\Exe\project.out
#    Map file     =
#        D:\0.gam3a\0.semester 8\5-RTOS\labs\New
#        folder\RTOS-college-progress\Debug\List\project.map
#    Command line =
#        -f "D:\0.gam3a\0.semester 8\5-RTOS\labs\New
#        folder\RTOS-college-progress\Debug\Exe\project.out.rsp"
#        ("D:\0.gam3a\0.semester 8\5-RTOS\labs\New
#        folder\RTOS-college-progress\Debug\Obj\DIO.o" "D:\0.gam3a\0.semester
#        8\5-RTOS\labs\New folder\RTOS-college-progress\Debug\Obj\main.o"
#        "D:\0.gam3a\0.semester 8\5-RTOS\labs\New
#        folder\RTOS-college-progress\Debug\Obj\startup_ewarm.o"
#        "D:\0.gam3a\0.semester 8\5-RTOS\labs\New
#        folder\RTOS-college-progress\Debug\Obj\Systic_timer.o"
#        "D:\0.gam3a\0.semester 8\5-RTOS\labs\New
#        folder\RTOS-college-progress\Debug\Obj\Timer0.o" --no_out_extension -o
#        "D:\0.gam3a\0.semester 8\5-RTOS\labs\New
#        folder\RTOS-college-progress\Debug\Exe\project.out" --redirect
#        _Printf=_PrintfFullNoMb --redirect _Scanf=_ScanfFullNoMb --map
#        "D:\0.gam3a\0.semester 8\5-RTOS\labs\New
#        folder\RTOS-college-progress\Debug\List\project.map" --config
#        E:\programs\iar\arm/config/linker/TexasInstruments/LM4F120H5QR.icf
#        --semihosting
#        C:\ti\TivaWare_C_Series-2.2.0.295\driverlib\ewarm\Exe\driverlib.a
#        --entry __iar_program_start --vfe --text_out locale --cpu=Cortex-M4
#        --fpu=VFPv4_sp)
#
###############################################################################

*******************************************************************************
*** MESSAGES
***

Warning[Lt009]: Inconsistent wchar_t size
            timer.o(driverlib.a) and 3 other objects in driverlib.a have
                      wchar_t size 16 bits
            DIO.o and 18 other objects, some of them in shb_l.a and 13 other
                      libraries have wchar_t size 32 bits


*******************************************************************************
*** RUNTIME MODEL ATTRIBUTES
***

CppFlavor       = *
__CPP_Runtime   = 1
__SystemLibrary = DLib
__dlib_version  = 6


*******************************************************************************
*** HEAP SELECTION
***

The basic heap was selected because --advanced_heap
was not specified and the application did not appear to
be primarily optimized for speed.


*******************************************************************************
*** PLACEMENT SUMMARY
***

"A0":  place at address 0x0 { ro section .intvec };
"P1":  place in [from 0x0 to 0x3'ffff] { ro };
define block CSTACK with size = 2K, alignment = 8 { };
define block HEAP with size = 8K, alignment = 8 { };
"P2":  place in [from 0x2000'0000 to 0x2000'7fff] {
          rw, block CSTACK, block HEAP };
do not initialize { rw section .noinit };

  Section  Kind         Address   Size  Object
  -------  ----         -------   ----  ------
"A0":                            0x26c
  .intvec  const            0x0  0x26c  startup_ewarm.o [1]
                        - 0x26c  0x26c

"P1":                            0x5e4
  .text    ro code        0x26c  0x2c0  sysctl.o [3]
  .text    ro code        0x52c   0xea  DIO.o [1]
  .text    ro code        0x618   0xb2  main.o [1]
  .text    ro code        0x6cc   0x86  timer.o [3]
  .text    ro code        0x754   0x1c  Systic_timer.o [1]
  .text    ro code        0x770   0x38  Timer0.o [1]
  .text    ro code        0x7a8   0x22  fpinit_M.o [4]
  .text    ro code        0x7cc   0x20  startup_ewarm.o [1]
  .text    ro code        0x7ec   0x1c  cstartup_M.o [5]
  .text    ro code        0x808   0x1e  cmain.o [5]
  .text    ro code        0x826    0x4  low_level_init.o [2]
  .text    ro code        0x82a    0x4  exit.o [2]
  .text    ro code        0x830    0xa  cexit.o [5]
  .text    ro code        0x83c   0x14  exit.o [6]
                        - 0x850  0x5e4

"P2":                            0x200
  .noinit  uninit   0x2000'0000  0x200  startup_ewarm.o [1]
                  - 0x2000'0200  0x200

Unused ranges:

         From           To      Size
         ----           --      ----
        0x850     0x3'ffff  0x3'f7b0
  0x2000'0200  0x2000'7fff    0x7e00



*******************************************************************************
*** MODULE SUMMARY
***

    Module            ro code  ro data  rw data
    ------            -------  -------  -------
command line/config:
    -------------------------------------------
    Total:

D:\0.gam3a\0.semester 8\5-RTOS\labs\New folder\RTOS-college-progress\Debug\Obj: [1]
    DIO.o                 234
    Systic_timer.o         28
    Timer0.o               56
    main.o                178
    startup_ewarm.o        32      620      512
    -------------------------------------------
    Total:                528      620      512

dl7M_tln.a: [2]
    exit.o                  4
    low_level_init.o        4
    -------------------------------------------
    Total:                  8

driverlib.a: [3]
    sysctl.o              704
    timer.o               134
    -------------------------------------------
    Total:                838

m7M_tls.a: [4]
    fpinit_M.o             34
    -------------------------------------------
    Total:                 34

rt7M_tl.a: [5]
    cexit.o                10
    cmain.o                30
    cstartup_M.o           28
    -------------------------------------------
    Total:                 68

shb_l.a: [6]
    exit.o                 20
    -------------------------------------------
    Total:                 20

    Gaps                   12
-----------------------------------------------
    Grand Total:        1'508      620      512


*******************************************************************************
*** ENTRY LIST
***

Entry                       Address   Size  Type      Object
-----                       -------   ----  ----      ------
?main                         0x809         Code  Gb  cmain.o [5]
DIO_WritePin                  0x5e1   0x36  Code  Gb  DIO.o [1]
DIO_init                      0x52d   0x7c  Code  Gb  DIO.o [1]
FaultISR                      0x7e7    0x2  Code  Lc  startup_ewarm.o [1]
IntDefaultHandler             0x7e9    0x2  Code  Lc  startup_ewarm.o [1]
NmiSR                         0x7e5    0x2  Code  Lc  startup_ewarm.o [1]
Region$$Table$$Base             0x0          --   Gb  - Linker created -
Region$$Table$$Limit            0x0          --   Gb  - Linker created -
ResetISR                      0x7cd   0x12  Code  Gb  startup_ewarm.o [1]
SysCtlClockGet                0x369  0x110  Code  Gb  sysctl.o [3]
SysCtlClockSet                0x291   0xd8  Code  Gb  sysctl.o [3]
SysCtlDelay                   0x289    0x8  Code  Gb  sysctl.o [3]
SysCtlPeripheralEnable        0x26d    0x8  Code  Gb  sysctl.o [3]
SysTick_handler               0x6ad    0x4  Code  Gb  main.o [1]
Systick_Init_int              0x755   0x1c  Code  Gb  Systic_timer.o [1]
Timer0IntHandler              0x7eb    0x2  Code  Lc  startup_ewarm.o [1]
TimerConfigure                0x6d9   0x52  Code  Gb  timer.o [3]
TimerEnable                   0x6cd    0xc  Code  Gb  timer.o [3]
TimerInit                     0x771   0x38  Code  Gb  Timer0.o [1]
TimerLoadSet                  0x73d   0x10  Code  Gb  timer.o [3]
__cmain                       0x809         Code  Gb  cmain.o [5]
__exit                        0x83d   0x14  Code  Gb  exit.o [6]
__iar_init_vfp                0x7a9         Code  Gb  fpinit_M.o [4]
__iar_program_start           0x7ed         Code  Gb  cstartup_M.o [5]
__low_level_init              0x827    0x4  Code  Gb  low_level_init.o [2]
__vector_table                  0x0  0x26c  Data  Gb  startup_ewarm.o [1]
_call_main                    0x815         Code  Gb  cmain.o [5]
_exit                         0x831         Code  Gb  cexit.o [5]
exit                          0x82b    0x4  Code  Gb  exit.o [2]
fun1                          0x619   0x42  Code  Gb  main.o [1]
fun2                          0x65b   0x42  Code  Gb  main.o [1]
g_pui32Xtals                  0x4c0   0x6c  Data  Lc  sysctl.o [3]
main                          0x6b1   0x1a  Code  Gb  main.o [1]
pui32Stack              0x2000'0000  0x200  Data  Lc  startup_ewarm.o [1]


[1] = D:\0.gam3a\0.semester 8\5-RTOS\labs\New folder\RTOS-college-progress\Debug\Obj
[2] = dl7M_tln.a
[3] = driverlib.a
[4] = m7M_tls.a
[5] = rt7M_tl.a
[6] = shb_l.a

  1'508 bytes of readonly  code memory
    620 bytes of readonly  data memory
    512 bytes of readwrite data memory

Errors: none
Warnings: 1
